// Jest Snapshot v1, https://goo.gl/fbAQLP

exports[`Page renders properly 1`] = `
<div
  className="page-root"
  data-radium={true}
  style={
    Object {
      "display": "flex",
      "flex": "1 0",
      "flexDirection": "column",
      "height": "100%",
      "width": "100%",
    }
  }
>
  <div
    className="page-header"
    data-radium={true}
    key=".0"
    style={
      Object {
        "display": "flex",
        "flex": "1 0",
        "height": "auto",
      }
    }
  />
  <div
    className="page-content"
    data-radium={true}
    key=".1"
    style={
      Object {
        "display": "flex",
        "flex": "1 0",
        "flexDirection": "column",
      }
    }
  />
  <div
    className="page-footer"
    data-radium={true}
    key=".2"
    style={
      Object {
        "display": "flex",
        "flex": "1 0",
        "height": "auto",
      }
    }
  />
</div>
`;
