// Jest Snapshot v1, https://goo.gl/fbAQLP

exports[`render a label 1`] = `
<div>
  Hello Jest!
</div>
`;

exports[`renders correctly 1`] = `
<button
  data-radium={true}
  onClick={[Function]}
  onMouseEnter={[Function]}
  onMouseLeave={[Function]}
  style={
    Object {
      "background": "#0074d9",
      "color": "#fff",
    }
  }
  type="Button"
/>
`;
