// Jest Snapshot v1, https://goo.gl/fbAQLP

exports[`Select renders properly 1`] = `
<div
  data-radium={true}
  style={
    Object {
      "borderColor": "#3b88ff",
      "borderStyle": "solid",
      "borderWidth": "1px",
      "display": "flex",
      "flex": "1 0",
    }
  }
>
  <div
    data-radium={true}
    key=".0"
    style={
      Object {
        "alignItems": "center",
        "borderColor": "#ff6f13",
        "borderStyle": "solid",
        "borderWidth": "1px",
        "display": "flex",
        "minWidth": "150px",
        "padding": "5px",
      }
    }
  />
  <div
    className="select-value-text"
    data-radium={true}
    key=".1"
    style={
      Object {
        "borderColor": "#5bff42",
        "borderStyle": "solid",
        "borderWidth": "1px",
        "flex": "1 0",
        "padding": "5px",
      }
    }
  />
  <Button
    className="select-btn-open"
    key=".2"
    onClick={[Function]}
    style={
      Object {
        "base": Object {
          ":hover": Object {
            "background": "#292929",
          },
          "background": "#222222",
          "color": "#fff",
        },
        "big": Object {
          "borderRadius": "4px",
          "fontSize": "24px",
          "fontWeight": "300",
          "minWidth": "150px",
          "padding": "15px",
        },
        "normal": Object {
          "borderRadius": "4px",
          "fontSize": "16px",
          "fontWeight": "300",
          "padding": "10px",
        },
        "primary": Object {
          "background": "#222222",
        },
        "small": Object {
          "borderRadius": "4px",
          "fontSize": "12px",
          "fontWeight": "300",
          "padding": "5px",
        },
        "warning": Object {
          "background": "#f00",
        },
      }
    }
    type="small"
  >
    ...
  </Button>
</div>
`;

exports[`Select value text should display provided value 1`] = `
<div
  className="select-value-text"
  data-radium={true}
  key=".1"
  style={
    Object {
      "borderColor": "#5bff42",
      "borderStyle": "solid",
      "borderWidth": "1px",
      "flex": "1 0",
      "padding": "5px",
    }
  }
>
  SomeValue
</div>
`;
