// Jest Snapshot v1, https://goo.gl/fbAQLP

exports[`Table renders properly 1`] = `
<div
  data-radium={true}
  style={
    Object {
      "display": "flex",
      "flex": "1 0",
      "flexDirection": "column",
    }
  }
>
  <h1
    key=".0"
  />
  <div
    className="actions-pane-top"
    key=".1"
  />
  <div
    className="table-header"
    data-radium={true}
    key=".2"
    style={
      Object {
        "backgroundColor": "#FCFDFD",
        "borderBottomColor": "#D7DBDD",
        "borderBottomStyle": "solid",
        "borderBottomWidth": "1px",
        "display": "flex",
        "flex": "1 0",
        "maxHeight": "30px",
        "minHeight": "30px",
      }
    }
  />
  <div
    className="table-body"
    data-radium={true}
    key=".3"
    style={
      Object {
        "display": "flex",
        "flex": "1 0",
        "flexDirection": "column",
      }
    }
  />
  <div
    className="table-footer"
    data-radium={true}
    key=".4"
    style={
      Object {
        "display": "flex",
        "flex": "1 0",
        "maxHeight": "30px",
        "minHeight": "30px",
      }
    }
  />
</div>
`;
